[INFO] Scanning for projects...
[INFO] 
[INFO] -------------------< ku.cs.oakcoding:cs211-project >--------------------
[INFO] Building CS211-Project 1.0-SNAPSHOT
[INFO] --------------------------------[ jar ]---------------------------------
[INFO] 
[INFO] --- maven-clean-plugin:2.5:clean (default-clean) @ cs211-project ---
[INFO] Deleting /Users/thanetjinseekhong/Desktop/oakcoding/target
[INFO] 
[INFO] >>> javafx-maven-plugin:0.0.8:run (default-cli) > process-classes @ cs211-project >>>
[INFO] 
[INFO] --- maven-resources-plugin:2.6:resources (default-resources) @ cs211-project ---
[INFO] Using 'UTF-8' encoding to copy filtered resources.
[INFO] Copying 61 resources
[INFO] 
[INFO] --- maven-compiler-plugin:3.10.1:compile (default-compile) @ cs211-project ---
[INFO] Changes detected - recompiling the module!
[INFO] Compiling 71 source files to /Users/thanetjinseekhong/Desktop/oakcoding/target/classes
[INFO] /Users/thanetjinseekhong/Desktop/oakcoding/src/main/java/ku/cs/oakcoding/app/services/data_source/csv/PictureRefactoring.java: Some input files use unchecked or unsafe operations.
[INFO] /Users/thanetjinseekhong/Desktop/oakcoding/src/main/java/ku/cs/oakcoding/app/services/data_source/csv/PictureRefactoring.java: Recompile with -Xlint:unchecked for details.
[INFO] 
[INFO] <<< javafx-maven-plugin:0.0.8:run (default-cli) < process-classes @ cs211-project <<<
[INFO] 
[INFO] 
[INFO] --- javafx-maven-plugin:0.0.8:run (default-cli) @ cs211-project ---
[WARNING] Module name not found in <mainClass>. Module name will be assumed from module-info.java
Oct 12, 2022 5:47:29 PM ku.cs.oakcoding.app.helpers.logging.OakLogger <clinit>
INFO: >>>>> LOG START <<<<<
Oct 12, 2022 5:47:29 PM ku.cs.oakcoding.app.helpers.logging.OakLogger log
INFO: ku.cs.oakcoding.ProjectApplication.start: App is loading...
Oct 12, 2022 5:47:29 PM ku.cs.oakcoding.app.services.stages.OldStageManager loadFontsFrom
INFO: Loaded font: 'SukhumvitSet-Light', size: 14.0
Oct 12, 2022 5:47:29 PM ku.cs.oakcoding.app.services.stages.OldStageManager loadFontsFrom
INFO: Loaded font: 'Kanit Regular', size: 14.0
Oct 12, 2022 5:47:29 PM ku.cs.oakcoding.app.services.stages.OldStageManager loadFontsFrom
INFO: Loaded font: 'Kanit Bold', size: 14.0
Oct 12, 2022 5:47:29 PM ku.cs.oakcoding.app.services.stages.OldStageManager loadFontsFrom
INFO: Loaded font: 'SukhumvitSet-Bold', size: 14.0
Oct 12, 2022 5:47:29 PM ku.cs.oakcoding.app.services.stages.OldStageManager loadFontsFrom
INFO: Loaded font: 'SukhumvitSet-Thin', size: 14.0
Oct 12, 2022 5:47:29 PM ku.cs.oakcoding.app.services.stages.OldStageManager loadFontsFrom
INFO: Loaded font: 'Inter Regular', size: 14.0
Oct 12, 2022 5:47:29 PM ku.cs.oakcoding.app.services.stages.OldStageManager loadFontsFrom
INFO: Loaded font: 'Kanit', size: 14.0
Oct 12, 2022 5:47:29 PM ku.cs.oakcoding.app.services.stages.OldStageManager loadFontsFrom
INFO: Loaded font: 'SukhumvitSet-Text', size: 14.0
Oct 12, 2022 5:47:29 PM ku.cs.oakcoding.app.services.stages.OldStageManager loadFontsFrom
INFO: Loaded font: 'SukhumvitSet-Medium', size: 14.0
Oct 12, 2022 5:47:29 PM ku.cs.oakcoding.app.services.stages.OldStageManager loadFontsFrom
INFO: Loaded font: 'Inter Extra Bold Italic', size: 14.0
Oct 12, 2022 5:47:29 PM ku.cs.oakcoding.app.services.stages.OldStageManager loadFontsFrom
INFO: Loaded font: 'SukhumvitSet-SemiBold', size: 14.0
Oct 12, 2022 5:47:29 PM ku.cs.oakcoding.app.services.stages.OldStageManager loadFontsFrom
INFO: Loaded font: 'Inter Semi Bold', size: 14.0
Oct 12, 2022 5:47:29 PM ku.cs.oakcoding.app.services.stages.OldStageManager loadFontsFrom
INFO: 12 fonts loaded
Oct 12, 2022 5:47:29 PM ku.cs.oakcoding.app.services.stages.OldStageManager bindStage
INFO: Using controller declared in FXML resource file: 'admin.fxml' for page pageNick: 'admin'
Oct 12, 2022 5:47:29 PM javafx.fxml.FXMLLoader$ValueElement processValue
WARNING: Loading FXML document with JavaFX API of version 18 by JavaFX runtime of version 17.0.2-ea
Oct 12, 2022 5:47:29 PM ku.cs.oakcoding.app.services.stages.OldStageManager bindStage
INFO: Page added: 'admin' ::= '**/admin.fxml' -> 'ku.cs.oakcoding.app.controllers.AdminController'
Oct 12, 2022 5:47:29 PM ku.cs.oakcoding.app.services.stages.OldStageManager bindStage
INFO: Using controller declared in FXML resource file: 'staff.fxml' for page pageNick: 'staff'
Oct 12, 2022 5:47:29 PM javafx.fxml.FXMLLoader$ValueElement processValue
WARNING: Loading FXML document with JavaFX API of version 18 by JavaFX runtime of version 17.0.2-ea
Oct 12, 2022 5:47:29 PM ku.cs.oakcoding.app.services.stages.OldStageManager bindStage
INFO: Page added: 'staff' ::= '**/staff.fxml' -> 'ku.cs.oakcoding.app.controllers.StaffController'
Oct 12, 2022 5:47:29 PM ku.cs.oakcoding.app.services.stages.OldStageManager bindStage
INFO: Using controller declared in FXML resource file: 'user.fxml' for page pageNick: 'user'
Oct 12, 2022 5:47:29 PM javafx.fxml.FXMLLoader$ValueElement processValue
WARNING: Loading FXML document with JavaFX API of version 18 by JavaFX runtime of version 17.0.2-ea
Oct 12, 2022 5:47:29 PM ku.cs.oakcoding.app.services.stages.OldStageManager bindStage
INFO: Page added: 'user' ::= '**/user.fxml' -> 'ku.cs.oakcoding.app.controllers.UserController'
Oct 12, 2022 5:47:29 PM ku.cs.oakcoding.app.services.stages.OldStageManager bindStage
INFO: Using controller declared in FXML resource file: 'authentication.fxml' for page pageNick: 'authentication'
Oct 12, 2022 5:47:29 PM javafx.fxml.FXMLLoader$ValueElement processValue
WARNING: Loading FXML document with JavaFX API of version 18 by JavaFX runtime of version 17.0.2-ea
Oct 12, 2022 5:47:29 PM ku.cs.oakcoding.app.services.stages.OldStageManager bindStage
INFO: Page added: 'authentication' ::= '**/authentication.fxml' -> 'ku.cs.oakcoding.app.controllers.AuthenticationController'
Oct 12, 2022 5:47:29 PM ku.cs.oakcoding.app.services.stages.OldStageManager bindStage
INFO: Using controller declared in FXML resource file: 'register.fxml' for page pageNick: 'register'
Oct 12, 2022 5:47:29 PM javafx.fxml.FXMLLoader$ValueElement processValue
WARNING: Loading FXML document with JavaFX API of version 18 by JavaFX runtime of version 17.0.2-ea
Oct 12, 2022 5:47:29 PM ku.cs.oakcoding.app.services.stages.OldStageManager bindStage
INFO: Page added: 'register' ::= '**/register.fxml' -> 'ku.cs.oakcoding.app.controllers.RegisterController'
Oct 12, 2022 5:47:29 PM ku.cs.oakcoding.app.services.stages.OldStageManager autoDefineHomePage
INFO: Defined home page to 'admin'
Oct 12, 2022 5:47:29 PM ku.cs.oakcoding.app.services.stages.OldStageManager activate
INFO: Activated Stage
Oct 12, 2022 5:47:29 PM ku.cs.oakcoding.app.helpers.logging.OakLogger log
INFO: ku.cs.oakcoding.ProjectApplication.start: Welcome to OakCoding
2022-10-12 17:47:33.712 java[8887:204238] TSM AdjustCapsLockLEDForKeyTransitionHandling - _ISSetPhysicalKeyboardCapsLockLED Inhibit
/Users/thanetjinseekhong/Desktop/oakcoding/target
/Users/thanetjinseekhong/Desktop/oakcoding/data/loveJava.csv
[INFO] ------------------------------------------------------------------------
[INFO] BUILD SUCCESS
[INFO] ------------------------------------------------------------------------
[INFO] Total time:  30.925 s
[INFO] Finished at: 2022-10-12T17:47:58+07:00
[INFO] ------------------------------------------------------------------------
